<?xml version="1.0" encoding="ISO-8859-1" ?>
<link_info>
   <banner>TI ARM Linker PC v18.12.4.LTS</banner>
   <copyright>Copyright (c) 1996-2018 Texas Instruments Incorporated</copyright>
   <link_time>0x686fdbf7</link_time>
   <link_errors>0x0</link_errors>
   <output_file>TMS570LC43x_TRMB_SCADE_demo.out</output_file>
   <entry_point>
      <name>_c_int00</name>
      <address>0x18b7c</address>
   </entry_point>
   <input_file_list>
      <input_file id="fl-2">
         <path>.\</path>
         <kind>object</kind>
         <file>display_text.obj</file>
         <name>display_text.obj</name>
      </input_file>
      <input_file id="fl-3">
         <path>.\</path>
         <kind>object</kind>
         <file>lwip_main.obj</file>
         <name>lwip_main.obj</name>
      </input_file>
      <input_file id="fl-4">
         <path>.\</path>
         <kind>object</kind>
         <file>wcu_fas.obj</file>
         <name>wcu_fas.obj</name>
      </input_file>
      <input_file id="fl-5">
         <path>.\HALCoGen\source\</path>
         <kind>object</kind>
         <file>HL_emac.obj</file>
         <name>HL_emac.obj</name>
      </input_file>
      <input_file id="fl-6">
         <path>.\HALCoGen\source\</path>
         <kind>object</kind>
         <file>HL_epc.obj</file>
         <name>HL_epc.obj</name>
      </input_file>
      <input_file id="fl-7">
         <path>.\HALCoGen\source\</path>
         <kind>object</kind>
         <file>HL_errata.obj</file>
         <name>HL_errata.obj</name>
      </input_file>
      <input_file id="fl-8">
         <path>.\HALCoGen\source\</path>
         <kind>object</kind>
         <file>HL_errata_SSWF021_45.obj</file>
         <name>HL_errata_SSWF021_45.obj</name>
      </input_file>
      <input_file id="fl-9">
         <path>.\HALCoGen\source\</path>
         <kind>object</kind>
         <file>HL_esm.obj</file>
         <name>HL_esm.obj</name>
      </input_file>
      <input_file id="fl-a">
         <path>.\HALCoGen\source\</path>
         <kind>object</kind>
         <file>HL_mdio.obj</file>
         <name>HL_mdio.obj</name>
      </input_file>
      <input_file id="fl-b">
         <path>.\HALCoGen\source\</path>
         <kind>object</kind>
         <file>HL_nmpu.obj</file>
         <name>HL_nmpu.obj</name>
      </input_file>
      <input_file id="fl-c">
         <path>.\HALCoGen\source\</path>
         <kind>object</kind>
         <file>HL_notification.obj</file>
         <name>HL_notification.obj</name>
      </input_file>
      <input_file id="fl-d">
         <path>.\HALCoGen\source\</path>
         <kind>object</kind>
         <file>HL_phy_dp83640.obj</file>
         <name>HL_phy_dp83640.obj</name>
      </input_file>
      <input_file id="fl-e">
         <path>.\HALCoGen\source\</path>
         <kind>object</kind>
         <file>HL_phy_tlk111.obj</file>
         <name>HL_phy_tlk111.obj</name>
      </input_file>
      <input_file id="fl-f">
         <path>.\HALCoGen\source\</path>
         <kind>object</kind>
         <file>HL_pinmux.obj</file>
         <name>HL_pinmux.obj</name>
      </input_file>
      <input_file id="fl-10">
         <path>.\HALCoGen\source\</path>
         <kind>object</kind>
         <file>HL_sci.obj</file>
         <name>HL_sci.obj</name>
      </input_file>
      <input_file id="fl-11">
         <path>.\HALCoGen\source\</path>
         <kind>object</kind>
         <file>HL_sys_core.obj</file>
         <name>HL_sys_core.obj</name>
      </input_file>
      <input_file id="fl-12">
         <path>.\HALCoGen\source\</path>
         <kind>object</kind>
         <file>HL_sys_dma.obj</file>
         <name>HL_sys_dma.obj</name>
      </input_file>
      <input_file id="fl-13">
         <path>.\HALCoGen\source\</path>
         <kind>object</kind>
         <file>HL_sys_intvecs.obj</file>
         <name>HL_sys_intvecs.obj</name>
      </input_file>
      <input_file id="fl-14">
         <path>.\HALCoGen\source\</path>
         <kind>object</kind>
         <file>HL_sys_main.obj</file>
         <name>HL_sys_main.obj</name>
      </input_file>
      <input_file id="fl-15">
         <path>.\HALCoGen\source\</path>
         <kind>object</kind>
         <file>HL_sys_mpu.obj</file>
         <name>HL_sys_mpu.obj</name>
      </input_file>
      <input_file id="fl-16">
         <path>.\HALCoGen\source\</path>
         <kind>object</kind>
         <file>HL_sys_pcr.obj</file>
         <name>HL_sys_pcr.obj</name>
      </input_file>
      <input_file id="fl-17">
         <path>.\HALCoGen\source\</path>
         <kind>object</kind>
         <file>HL_sys_phantom.obj</file>
         <name>HL_sys_phantom.obj</name>
      </input_file>
      <input_file id="fl-18">
         <path>.\HALCoGen\source\</path>
         <kind>object</kind>
         <file>HL_sys_pmm.obj</file>
         <name>HL_sys_pmm.obj</name>
      </input_file>
      <input_file id="fl-19">
         <path>.\HALCoGen\source\</path>
         <kind>object</kind>
         <file>HL_sys_pmu.obj</file>
         <name>HL_sys_pmu.obj</name>
      </input_file>
      <input_file id="fl-1a">
         <path>.\HALCoGen\source\</path>
         <kind>object</kind>
         <file>HL_sys_selftest.obj</file>
         <name>HL_sys_selftest.obj</name>
      </input_file>
      <input_file id="fl-1b">
         <path>.\HALCoGen\source\</path>
         <kind>object</kind>
         <file>HL_sys_startup.obj</file>
         <name>HL_sys_startup.obj</name>
      </input_file>
      <input_file id="fl-1c">
         <path>.\HALCoGen\source\</path>
         <kind>object</kind>
         <file>HL_sys_vim.obj</file>
         <name>HL_sys_vim.obj</name>
      </input_file>
      <input_file id="fl-1d">
         <path>.\HALCoGen\source\</path>
         <kind>object</kind>
         <file>HL_system.obj</file>
         <name>HL_system.obj</name>
      </input_file>
      <input_file id="fl-1e">
         <path>.\SCADE_GeneratedCode\KCG\</path>
         <kind>object</kind>
         <file>StateMachine_State_Machine_TI.obj</file>
         <name>StateMachine_State_Machine_TI.obj</name>
      </input_file>
      <input_file id="fl-1f">
         <path>.\SCADE_GeneratedCode\KCG\</path>
         <kind>object</kind>
         <file>kcg_consts.obj</file>
         <name>kcg_consts.obj</name>
      </input_file>
      <input_file id="fl-20">
         <path>.\SCADE_GeneratedCode\KCG\</path>
         <kind>object</kind>
         <file>kcg_types.obj</file>
         <name>kcg_types.obj</name>
      </input_file>
      <input_file id="fl-21">
         <path>.\lwip\ports\hdk\</path>
         <kind>object</kind>
         <file>locator.obj</file>
         <name>locator.obj</name>
      </input_file>
      <input_file id="fl-22">
         <path>.\lwip\ports\hdk\</path>
         <kind>object</kind>
         <file>lwiplib.obj</file>
         <name>lwiplib.obj</name>
      </input_file>
      <input_file id="fl-23">
         <path>.\lwip\ports\hdk\</path>
         <kind>object</kind>
         <file>sys_arch.obj</file>
         <name>sys_arch.obj</name>
      </input_file>
      <input_file id="fl-24">
         <path>.\lwip\ports\hdk\netif\</path>
         <kind>object</kind>
         <file>hdkif.obj</file>
         <name>hdkif.obj</name>
      </input_file>
      <input_file id="fl-25">
         <path>.\lwip\src\api\</path>
         <kind>object</kind>
         <file>api_lib.obj</file>
         <name>api_lib.obj</name>
      </input_file>
      <input_file id="fl-26">
         <path>.\lwip\src\api\</path>
         <kind>object</kind>
         <file>api_msg.obj</file>
         <name>api_msg.obj</name>
      </input_file>
      <input_file id="fl-27">
         <path>.\lwip\src\api\</path>
         <kind>object</kind>
         <file>err.obj</file>
         <name>err.obj</name>
      </input_file>
      <input_file id="fl-28">
         <path>.\lwip\src\api\</path>
         <kind>object</kind>
         <file>netbuf.obj</file>
         <name>netbuf.obj</name>
      </input_file>
      <input_file id="fl-29">
         <path>.\lwip\src\api\</path>
         <kind>object</kind>
         <file>netdb.obj</file>
         <name>netdb.obj</name>
      </input_file>
      <input_file id="fl-2a">
         <path>.\lwip\src\api\</path>
         <kind>object</kind>
         <file>netifapi.obj</file>
         <name>netifapi.obj</name>
      </input_file>
      <input_file id="fl-2b">
         <path>.\lwip\src\api\</path>
         <kind>object</kind>
         <file>sockets.obj</file>
         <name>sockets.obj</name>
      </input_file>
      <input_file id="fl-2c">
         <path>.\lwip\src\api\</path>
         <kind>object</kind>
         <file>tcpip.obj</file>
         <name>tcpip.obj</name>
      </input_file>
      <input_file id="fl-2d">
         <path>.\lwip\src\core\</path>
         <kind>object</kind>
         <file>def.obj</file>
         <name>def.obj</name>
      </input_file>
      <input_file id="fl-2e">
         <path>.\lwip\src\core\</path>
         <kind>object</kind>
         <file>dhcp.obj</file>
         <name>dhcp.obj</name>
      </input_file>
      <input_file id="fl-2f">
         <path>.\lwip\src\core\</path>
         <kind>object</kind>
         <file>dns.obj</file>
         <name>dns.obj</name>
      </input_file>
      <input_file id="fl-30">
         <path>.\lwip\src\core\</path>
         <kind>object</kind>
         <file>init.obj</file>
         <name>init.obj</name>
      </input_file>
      <input_file id="fl-31">
         <path>.\lwip\src\core\</path>
         <kind>object</kind>
         <file>mem.obj</file>
         <name>mem.obj</name>
      </input_file>
      <input_file id="fl-32">
         <path>.\lwip\src\core\</path>
         <kind>object</kind>
         <file>memp.obj</file>
         <name>memp.obj</name>
      </input_file>
      <input_file id="fl-33">
         <path>.\lwip\src\core\</path>
         <kind>object</kind>
         <file>netif.obj</file>
         <name>netif.obj</name>
      </input_file>
      <input_file id="fl-34">
         <path>.\lwip\src\core\</path>
         <kind>object</kind>
         <file>pbuf.obj</file>
         <name>pbuf.obj</name>
      </input_file>
      <input_file id="fl-35">
         <path>.\lwip\src\core\</path>
         <kind>object</kind>
         <file>raw.obj</file>
         <name>raw.obj</name>
      </input_file>
      <input_file id="fl-36">
         <path>.\lwip\src\core\</path>
         <kind>object</kind>
         <file>stats.obj</file>
         <name>stats.obj</name>
      </input_file>
      <input_file id="fl-37">
         <path>.\lwip\src\core\</path>
         <kind>object</kind>
         <file>sys.obj</file>
         <name>sys.obj</name>
      </input_file>
      <input_file id="fl-38">
         <path>.\lwip\src\core\</path>
         <kind>object</kind>
         <file>tcp.obj</file>
         <name>tcp.obj</name>
      </input_file>
      <input_file id="fl-39">
         <path>.\lwip\src\core\</path>
         <kind>object</kind>
         <file>tcp_in.obj</file>
         <name>tcp_in.obj</name>
      </input_file>
      <input_file id="fl-3a">
         <path>.\lwip\src\core\</path>
         <kind>object</kind>
         <file>tcp_out.obj</file>
         <name>tcp_out.obj</name>
      </input_file>
      <input_file id="fl-3b">
         <path>.\lwip\src\core\</path>
         <kind>object</kind>
         <file>timers.obj</file>
         <name>timers.obj</name>
      </input_file>
      <input_file id="fl-3c">
         <path>.\lwip\src\core\</path>
         <kind>object</kind>
         <file>udp.obj</file>
         <name>udp.obj</name>
      </input_file>
      <input_file id="fl-3d">
         <path>.\lwip\src\core\ipv4\</path>
         <kind>object</kind>
         <file>autoip.obj</file>
         <name>autoip.obj</name>
      </input_file>
      <input_file id="fl-3e">
         <path>.\lwip\src\core\ipv4\</path>
         <kind>object</kind>
         <file>icmp.obj</file>
         <name>icmp.obj</name>
      </input_file>
      <input_file id="fl-3f">
         <path>.\lwip\src\core\ipv4\</path>
         <kind>object</kind>
         <file>igmp.obj</file>
         <name>igmp.obj</name>
      </input_file>
      <input_file id="fl-40">
         <path>.\lwip\src\core\ipv4\</path>
         <kind>object</kind>
         <file>inet.obj</file>
         <name>inet.obj</name>
      </input_file>
      <input_file id="fl-41">
         <path>.\lwip\src\core\ipv4\</path>
         <kind>object</kind>
         <file>inet_chksum.obj</file>
         <name>inet_chksum.obj</name>
      </input_file>
      <input_file id="fl-42">
         <path>.\lwip\src\core\ipv4\</path>
         <kind>object</kind>
         <file>ip.obj</file>
         <name>ip.obj</name>
      </input_file>
      <input_file id="fl-43">
         <path>.\lwip\src\core\ipv4\</path>
         <kind>object</kind>
         <file>ip_addr.obj</file>
         <name>ip_addr.obj</name>
      </input_file>
      <input_file id="fl-44">
         <path>.\lwip\src\core\ipv4\</path>
         <kind>object</kind>
         <file>ip_frag.obj</file>
         <name>ip_frag.obj</name>
      </input_file>
      <input_file id="fl-45">
         <path>.\lwip\src\core\snmp\</path>
         <kind>object</kind>
         <file>asn1_dec.obj</file>
         <name>asn1_dec.obj</name>
      </input_file>
      <input_file id="fl-46">
         <path>.\lwip\src\core\snmp\</path>
         <kind>object</kind>
         <file>asn1_enc.obj</file>
         <name>asn1_enc.obj</name>
      </input_file>
      <input_file id="fl-47">
         <path>.\lwip\src\core\snmp\</path>
         <kind>object</kind>
         <file>mib2.obj</file>
         <name>mib2.obj</name>
      </input_file>
      <input_file id="fl-48">
         <path>.\lwip\src\core\snmp\</path>
         <kind>object</kind>
         <file>mib_structs.obj</file>
         <name>mib_structs.obj</name>
      </input_file>
      <input_file id="fl-49">
         <path>.\lwip\src\core\snmp\</path>
         <kind>object</kind>
         <file>msg_in.obj</file>
         <name>msg_in.obj</name>
      </input_file>
      <input_file id="fl-4a">
         <path>.\lwip\src\core\snmp\</path>
         <kind>object</kind>
         <file>msg_out.obj</file>
         <name>msg_out.obj</name>
      </input_file>
      <input_file id="fl-4b">
         <path>.\lwip\src\netif\</path>
         <kind>object</kind>
         <file>etharp.obj</file>
         <name>etharp.obj</name>
      </input_file>
      <input_file id="fl-4c">
         <path>.\lwip\src\netif\</path>
         <kind>object</kind>
         <file>ethernetif.obj</file>
         <name>ethernetif.obj</name>
      </input_file>
      <input_file id="fl-4d">
         <path>.\lwip\src\netif\</path>
         <kind>object</kind>
         <file>loopif.obj</file>
         <name>loopif.obj</name>
      </input_file>
      <input_file id="fl-4e">
         <path>.\lwip\src\netif\</path>
         <kind>object</kind>
         <file>slipif.obj</file>
         <name>slipif.obj</name>
      </input_file>
      <input_file id="fl-4f">
         <path>.\lwip\src\netif\ppp\</path>
         <kind>object</kind>
         <file>auth.obj</file>
         <name>auth.obj</name>
      </input_file>
      <input_file id="fl-50">
         <path>.\lwip\src\netif\ppp\</path>
         <kind>object</kind>
         <file>chap.obj</file>
         <name>chap.obj</name>
      </input_file>
      <input_file id="fl-51">
         <path>.\lwip\src\netif\ppp\</path>
         <kind>object</kind>
         <file>chpms.obj</file>
         <name>chpms.obj</name>
      </input_file>
      <input_file id="fl-52">
         <path>.\lwip\src\netif\ppp\</path>
         <kind>object</kind>
         <file>fsm.obj</file>
         <name>fsm.obj</name>
      </input_file>
      <input_file id="fl-53">
         <path>.\lwip\src\netif\ppp\</path>
         <kind>object</kind>
         <file>ipcp.obj</file>
         <name>ipcp.obj</name>
      </input_file>
      <input_file id="fl-54">
         <path>.\lwip\src\netif\ppp\</path>
         <kind>object</kind>
         <file>lcp.obj</file>
         <name>lcp.obj</name>
      </input_file>
      <input_file id="fl-55">
         <path>.\lwip\src\netif\ppp\</path>
         <kind>object</kind>
         <file>magic.obj</file>
         <name>magic.obj</name>
      </input_file>
      <input_file id="fl-56">
         <path>.\lwip\src\netif\ppp\</path>
         <kind>object</kind>
         <file>md5.obj</file>
         <name>md5.obj</name>
      </input_file>
      <input_file id="fl-57">
         <path>.\lwip\src\netif\ppp\</path>
         <kind>object</kind>
         <file>pap.obj</file>
         <name>pap.obj</name>
      </input_file>
      <input_file id="fl-58">
         <path>.\lwip\src\netif\ppp\</path>
         <kind>object</kind>
         <file>ppp.obj</file>
         <name>ppp.obj</name>
      </input_file>
      <input_file id="fl-59">
         <path>.\lwip\src\netif\ppp\</path>
         <kind>object</kind>
         <file>ppp_oe.obj</file>
         <name>ppp_oe.obj</name>
      </input_file>
      <input_file id="fl-5a">
         <path>.\lwip\src\netif\ppp\</path>
         <kind>object</kind>
         <file>randm.obj</file>
         <name>randm.obj</name>
      </input_file>
      <input_file id="fl-5b">
         <path>.\lwip\src\netif\ppp\</path>
         <kind>object</kind>
         <file>vj.obj</file>
         <name>vj.obj</name>
      </input_file>
      <input_file id="fl-5f">
         <kind>object</kind>
         <file>&lt;internal&gt;</file>
         <name>&lt;internal&gt;</name>
      </input_file>
      <input_file id="fl-60">
         <path>C:\ti\ccs930\ccs\tools\compiler\ti-cgt-arm_18.12.4.LTS\lib\</path>
         <kind>archive</kind>
         <file>rtsv7R4_T_be_v3D16_eabi.lib</file>
         <name>s_floor.c.obj</name>
      </input_file>
      <input_file id="fl-61">
         <path>C:\ti\ccs930\ccs\tools\compiler\ti-cgt-arm_18.12.4.LTS\lib\</path>
         <kind>archive</kind>
         <file>rtsv7R4_T_be_v3D16_eabi.lib</file>
         <name>snprintf.c.obj</name>
      </input_file>
      <input_file id="fl-62">
         <path>C:\ti\ccs930\ccs\tools\compiler\ti-cgt-arm_18.12.4.LTS\lib\</path>
         <kind>archive</kind>
         <file>rtsv7R4_T_be_v3D16_eabi.lib</file>
         <name>memcpy_t2.asm.obj</name>
      </input_file>
      <input_file id="fl-63">
         <path>C:\ti\ccs930\ccs\tools\compiler\ti-cgt-arm_18.12.4.LTS\lib\</path>
         <kind>archive</kind>
         <file>rtsv7R4_T_be_v3D16_eabi.lib</file>
         <name>i_div32.asm.obj</name>
      </input_file>
      <input_file id="fl-64">
         <path>C:\ti\ccs930\ccs\tools\compiler\ti-cgt-arm_18.12.4.LTS\lib\</path>
         <kind>archive</kind>
         <file>rtsv7R4_T_be_v3D16_eabi.lib</file>
         <name>u_div32.asm.obj</name>
      </input_file>
      <input_file id="fl-65">
         <path>C:\ti\ccs930\ccs\tools\compiler\ti-cgt-arm_18.12.4.LTS\lib\</path>
         <kind>archive</kind>
         <file>rtsv7R4_T_be_v3D16_eabi.lib</file>
         <name>memset_t2.asm.obj</name>
      </input_file>
      <input_file id="fl-66">
         <path>C:\ti\ccs930\ccs\tools\compiler\ti-cgt-arm_18.12.4.LTS\lib\</path>
         <kind>archive</kind>
         <file>rtsv7R4_T_be_v3D16_eabi.lib</file>
         <name>autoinit.c.obj</name>
      </input_file>
      <input_file id="fl-67">
         <path>C:\ti\ccs930\ccs\tools\compiler\ti-cgt-arm_18.12.4.LTS\lib\</path>
         <kind>archive</kind>
         <file>rtsv7R4_T_be_v3D16_eabi.lib</file>
         <name>cpy_tbl.c.obj</name>
      </input_file>
      <input_file id="fl-68">
         <path>C:\ti\ccs930\ccs\tools\compiler\ti-cgt-arm_18.12.4.LTS\lib\</path>
         <kind>archive</kind>
         <file>rtsv7R4_T_be_v3D16_eabi.lib</file>
         <name>copy_zero_init.c.obj</name>
      </input_file>
      <input_file id="fl-69">
         <path>C:\ti\ccs930\ccs\tools\compiler\ti-cgt-arm_18.12.4.LTS\lib\</path>
         <kind>archive</kind>
         <file>rtsv7R4_T_be_v3D16_eabi.lib</file>
         <name>copy_decompress_none.c.obj</name>
      </input_file>
      <input_file id="fl-6a">
         <path>C:\ti\ccs930\ccs\tools\compiler\ti-cgt-arm_18.12.4.LTS\lib\</path>
         <kind>archive</kind>
         <file>rtsv7R4_T_be_v3D16_eabi.lib</file>
         <name>copy_decompress_lzss.c.obj</name>
      </input_file>
      <input_file id="fl-6b">
         <path>C:\ti\ccs930\ccs\tools\compiler\ti-cgt-arm_18.12.4.LTS\lib\</path>
         <kind>archive</kind>
         <file>rtsv7R4_T_be_v3D16_eabi.lib</file>
         <name>exit.c.obj</name>
      </input_file>
      <input_file id="fl-6c">
         <path>C:\ti\ccs930\ccs\tools\compiler\ti-cgt-arm_18.12.4.LTS\lib\</path>
         <kind>archive</kind>
         <file>rtsv7R4_T_be_v3D16_eabi.lib</file>
         <name>_lock.c.obj</name>
      </input_file>
      <input_file id="fl-6d">
         <path>C:\ti\ccs930\ccs\tools\compiler\ti-cgt-arm_18.12.4.LTS\lib\</path>
         <kind>archive</kind>
         <file>rtsv7R4_T_be_v3D16_eabi.lib</file>
         <name>memcmp.c.obj</name>
      </input_file>
      <input_file id="fl-6e">
         <path>C:\ti\ccs930\ccs\tools\compiler\ti-cgt-arm_18.12.4.LTS\lib\</path>
         <kind>archive</kind>
         <file>rtsv7R4_T_be_v3D16_eabi.lib</file>
         <name>strlen.c.obj</name>
      </input_file>
      <input_file id="fl-6f">
         <path>C:\ti\ccs930\ccs\tools\compiler\ti-cgt-arm_18.12.4.LTS\lib\</path>
         <kind>archive</kind>
         <file>rtsv7R4_T_be_v3D16_eabi.lib</file>
         <name>_printfi.c.obj</name>
      </input_file>
      <input_file id="fl-70">
         <path>C:\ti\ccs930\ccs\tools\compiler\ti-cgt-arm_18.12.4.LTS\lib\</path>
         <kind>archive</kind>
         <file>rtsv7R4_T_be_v3D16_eabi.lib</file>
         <name>div0.asm.obj</name>
      </input_file>
      <input_file id="fl-71">
         <path>C:\ti\ccs930\ccs\tools\compiler\ti-cgt-arm_18.12.4.LTS\lib\</path>
         <kind>archive</kind>
         <file>rtsv7R4_T_be_v3D16_eabi.lib</file>
         <name>ull_div32.asm.obj</name>
      </input_file>
      <input_file id="fl-72">
         <path>C:\ti\ccs930\ccs\tools\compiler\ti-cgt-arm_18.12.4.LTS\lib\</path>
         <kind>archive</kind>
         <file>rtsv7R4_T_be_v3D16_eabi.lib</file>
         <name>atoi.c.obj</name>
      </input_file>
      <input_file id="fl-73">
         <path>C:\ti\ccs930\ccs\tools\compiler\ti-cgt-arm_18.12.4.LTS\lib\</path>
         <kind>archive</kind>
         <file>rtsv7R4_T_be_v3D16_eabi.lib</file>
         <name>ctype.c.obj</name>
      </input_file>
      <input_file id="fl-74">
         <path>C:\ti\ccs930\ccs\tools\compiler\ti-cgt-arm_18.12.4.LTS\lib\</path>
         <kind>archive</kind>
         <file>rtsv7R4_T_be_v3D16_eabi.lib</file>
         <name>ltoa.c.obj</name>
      </input_file>
      <input_file id="fl-75">
         <path>C:\ti\ccs930\ccs\tools\compiler\ti-cgt-arm_18.12.4.LTS\lib\</path>
         <kind>archive</kind>
         <file>rtsv7R4_T_be_v3D16_eabi.lib</file>
         <name>memccpy.c.obj</name>
      </input_file>
      <input_file id="fl-76">
         <path>C:\ti\ccs930\ccs\tools\compiler\ti-cgt-arm_18.12.4.LTS\lib\</path>
         <kind>archive</kind>
         <file>rtsv7R4_T_be_v3D16_eabi.lib</file>
         <name>strchr.c.obj</name>
      </input_file>
      <input_file id="fl-77">
         <path>C:\ti\ccs930\ccs\tools\compiler\ti-cgt-arm_18.12.4.LTS\lib\</path>
         <kind>archive</kind>
         <file>rtsv7R4_T_be_v3D16_eabi.lib</file>
         <name>errno.c.obj</name>
      </input_file>
      <input_file id="fl-78">
         <path>C:\ti\ccs930\ccs\tools\compiler\ti-cgt-arm_18.12.4.LTS\lib\</path>
         <kind>archive</kind>
         <file>rtsv7R4_T_be_v3D16_eabi.lib</file>
         <name>wcslen.c.obj</name>
      </input_file>
      <input_file id="fl-79">
         <path>C:\ti\ccs930\ccs\tools\compiler\ti-cgt-arm_18.12.4.LTS\lib\</path>
         <kind>archive</kind>
         <file>rtsv7R4_T_be_v3D16_eabi.lib</file>
         <name>s_frexp.c.obj</name>
      </input_file>
      <input_file id="fl-7a">
         <path>C:\ti\ccs930\ccs\tools\compiler\ti-cgt-arm_18.12.4.LTS\lib\</path>
         <kind>archive</kind>
         <file>rtsv7R4_T_be_v3D16_eabi.lib</file>
         <name>s_scalbn.c.obj</name>
      </input_file>
      <input_file id="fl-7b">
         <path>C:\ti\ccs930\ccs\tools\compiler\ti-cgt-arm_18.12.4.LTS\lib\</path>
         <kind>archive</kind>
         <file>rtsv7R4_T_be_v3D16_eabi.lib</file>
         <name>s_copysign.c.obj</name>
      </input_file>
   </input_file_list>
   <object_component_list>
      <object_component id="oc-34">
         <name>.intvecs</name>
         <load_address>0x0</load_address>
         <run_address>0x0</run_address>
         <size>0x20</size>
         <input_file_ref idref="fl-13"/>
      </object_component>
      <object_component id="oc-329">
         <name>.text</name>
         <load_address>0x20</load_address>
         <run_address>0x20</run_address>
         <size>0x2db0</size>
         <input_file_ref idref="fl-39"/>
      </object_component>
      <object_component id="oc-16c">
         <name>.text</name>
         <load_address>0x2dd0</load_address>
         <run_address>0x2dd0</run_address>
         <size>0x21c8</size>
         <input_file_ref idref="fl-2e"/>
      </object_component>
      <object_component id="oc-2a9">
         <name>.text</name>
         <load_address>0x4f98</load_address>
         <run_address>0x4f98</run_address>
         <size>0x209c</size>
         <input_file_ref idref="fl-38"/>
      </object_component>
      <object_component id="oc-428">
         <name>.text</name>
         <load_address>0x7034</load_address>
         <run_address>0x7034</run_address>
         <size>0x1b6c</size>
         <input_file_ref idref="fl-3a"/>
      </object_component>
      <object_component id="oc-b1">
         <name>.text</name>
         <load_address>0x8ba0</load_address>
         <run_address>0x8ba0</run_address>
         <size>0x1814</size>
         <input_file_ref idref="fl-5"/>
      </object_component>
      <object_component id="oc-2bc">
         <name>.text</name>
         <load_address>0xa3b4</load_address>
         <run_address>0xa3b4</run_address>
         <size>0x13dc</size>
         <input_file_ref idref="fl-4b"/>
      </object_component>
      <object_component id="oc-25a">
         <name>.text</name>
         <load_address>0xb790</load_address>
         <run_address>0xb790</run_address>
         <size>0x1160</size>
         <input_file_ref idref="fl-34"/>
      </object_component>
      <object_component id="oc-160">
         <name>.text</name>
         <load_address>0xc8f0</load_address>
         <run_address>0xc8f0</run_address>
         <size>0x10ec</size>
         <input_file_ref idref="fl-24"/>
      </object_component>
      <object_component id="oc-260">
         <name>.text</name>
         <load_address>0xd9dc</load_address>
         <run_address>0xd9dc</run_address>
         <size>0xc68</size>
         <input_file_ref idref="fl-3c"/>
      </object_component>
      <object_component id="oc-3ad">
         <name>.text:__TI_printfi</name>
         <load_address>0xe644</load_address>
         <run_address>0xe644</run_address>
         <size>0xa4a</size>
         <input_file_ref idref="fl-6f"/>
      </object_component>
      <object_component id="oc-48f">
         <name>.text</name>
         <load_address>0xf08e</load_address>
         <run_address>0xf08e</run_address>
         <size>0x2</size>
         <input_file_ref idref="fl-70"/>
      </object_component>
      <object_component id="oc-f0">
         <name>.text</name>
         <load_address>0xf090</load_address>
         <run_address>0xf090</run_address>
         <size>0x9e4</size>
         <input_file_ref idref="fl-f"/>
      </object_component>
      <object_component id="oc-73">
         <name>.text</name>
         <load_address>0xfa74</load_address>
         <run_address>0xfa74</run_address>
         <size>0x998</size>
         <input_file_ref idref="fl-1d"/>
      </object_component>
      <object_component id="oc-43">
         <name>.text</name>
         <load_address>0x1040c</load_address>
         <run_address>0x1040c</run_address>
         <size>0x938</size>
         <input_file_ref idref="fl-1c"/>
      </object_component>
      <object_component id="oc-29d">
         <name>.text</name>
         <load_address>0x10d44</load_address>
         <run_address>0x10d44</run_address>
         <size>0x8f8</size>
         <input_file_ref idref="fl-31"/>
      </object_component>
      <object_component id="oc-175">
         <name>.text</name>
         <load_address>0x1163c</load_address>
         <run_address>0x1163c</run_address>
         <size>0x8ac</size>
         <input_file_ref idref="fl-42"/>
      </object_component>
      <object_component id="oc-210">
         <name>.text</name>
         <load_address>0x11ee8</load_address>
         <run_address>0x11ee8</run_address>
         <size>0x870</size>
         <input_file_ref idref="fl-10"/>
      </object_component>
      <object_component id="oc-8b">
         <name>.text</name>
         <load_address>0x12758</load_address>
         <run_address>0x12758</run_address>
         <size>0x78c</size>
         <input_file_ref idref="fl-9"/>
      </object_component>
      <object_component id="oc-1b5">
         <name>.text</name>
         <load_address>0x12ee4</load_address>
         <run_address>0x12ee4</run_address>
         <size>0x6f4</size>
         <input_file_ref idref="fl-d"/>
      </object_component>
      <object_component id="oc-79">
         <name>.text</name>
         <load_address>0x135d8</load_address>
         <run_address>0x135d8</run_address>
         <size>0x664</size>
         <input_file_ref idref="fl-8"/>
      </object_component>
      <object_component id="oc-216">
         <name>.text</name>
         <load_address>0x13c3c</load_address>
         <run_address>0x13c3c</run_address>
         <size>0x650</size>
         <input_file_ref idref="fl-43"/>
      </object_component>
      <object_component id="oc-166">
         <name>.text</name>
         <load_address>0x1428c</load_address>
         <run_address>0x1428c</run_address>
         <size>0x614</size>
         <input_file_ref idref="fl-33"/>
      </object_component>
      <object_component id="oc-31d">
         <name>.text</name>
         <load_address>0x148a0</load_address>
         <run_address>0x148a0</run_address>
         <size>0x5f0</size>
         <input_file_ref idref="fl-41"/>
      </object_component>
      <object_component id="oc-13e">
         <name>.text</name>
         <load_address>0x14e90</load_address>
         <run_address>0x14e90</run_address>
         <size>0x5d4</size>
         <input_file_ref idref="fl-3"/>
      </object_component>
      <object_component id="oc-144">
         <name>.text</name>
         <load_address>0x15464</load_address>
         <run_address>0x15464</run_address>
         <size>0x5cc</size>
         <input_file_ref idref="fl-4"/>
      </object_component>
      <object_component id="oc-2af">
         <name>.text</name>
         <load_address>0x15a30</load_address>
         <run_address>0x15a30</run_address>
         <size>0x528</size>
         <input_file_ref idref="fl-3b"/>
      </object_component>
      <object_component id="oc-32f">
         <name>.text</name>
         <load_address>0x15f58</load_address>
         <run_address>0x15f58</run_address>
         <size>0x4b0</size>
         <input_file_ref idref="fl-3e"/>
      </object_component>
      <object_component id="oc-323">
         <name>.text</name>
         <load_address>0x16408</load_address>
         <run_address>0x16408</run_address>
         <size>0x490</size>
         <input_file_ref idref="fl-35"/>
      </object_component>
      <object_component id="oc-6e">
         <name>.text</name>
         <load_address>0x16898</load_address>
         <run_address>0x16898</run_address>
         <size>0x3c4</size>
         <input_file_ref idref="fl-11"/>
      </object_component>
      <object_component id="oc-91">
         <name>.text</name>
         <load_address>0x16c5c</load_address>
         <run_address>0x16c5c</run_address>
         <size>0x378</size>
         <input_file_ref idref="fl-15"/>
      </object_component>
      <object_component id="oc-3f">
         <name>.text:retain</name>
         <load_address>0x16fd4</load_address>
         <run_address>0x16fd4</run_address>
         <size>0x33c</size>
         <input_file_ref idref="fl-1c"/>
      </object_component>
      <object_component id="oc-21c">
         <name>.text</name>
         <load_address>0x17310</load_address>
         <run_address>0x17310</run_address>
         <size>0x338</size>
         <input_file_ref idref="fl-21"/>
      </object_component>
      <object_component id="oc-2a3">
         <name>.text</name>
         <load_address>0x17648</load_address>
         <run_address>0x17648</run_address>
         <size>0x300</size>
         <input_file_ref idref="fl-32"/>
      </object_component>
      <object_component id="oc-a4">
         <name>.text</name>
         <load_address>0x17948</load_address>
         <run_address>0x17948</run_address>
         <size>0x2d4</size>
         <input_file_ref idref="fl-22"/>
      </object_component>
      <object_component id="oc-5af">
         <name>.text</name>
         <load_address>0x17c1c</load_address>
         <run_address>0x17c1c</run_address>
         <size>0x2b8</size>
         <input_file_ref idref="fl-71"/>
      </object_component>
      <object_component id="oc-511">
         <name>.text:_pconv_a</name>
         <load_address>0x17ed4</load_address>
         <run_address>0x17ed4</run_address>
         <size>0x248</size>
         <input_file_ref idref="fl-6f"/>
      </object_component>
      <object_component id="oc-1bb">
         <name>.text</name>
         <load_address>0x1811c</load_address>
         <run_address>0x1811c</run_address>
         <size>0x1c4</size>
         <input_file_ref idref="fl-a"/>
      </object_component>
      <object_component id="oc-266">
         <name>.text</name>
         <load_address>0x182e0</load_address>
         <run_address>0x182e0</run_address>
         <size>0x1b4</size>
         <input_file_ref idref="fl-1e"/>
      </object_component>
      <object_component id="oc-4ff">
         <name>.text:_pconv_g</name>
         <load_address>0x18494</load_address>
         <run_address>0x18494</run_address>
         <size>0x1a0</size>
         <input_file_ref idref="fl-6f"/>
      </object_component>
      <object_component id="oc-2e">
         <name>.text:retain</name>
         <load_address>0x18634</load_address>
         <run_address>0x18634</run_address>
         <size>0x178</size>
         <input_file_ref idref="fl-9"/>
      </object_component>
      <object_component id="oc-50b">
         <name>.text:_pconv_e</name>
         <load_address>0x187ac</load_address>
         <run_address>0x187ac</run_address>
         <size>0x104</size>
         <input_file_ref idref="fl-6f"/>
      </object_component>
      <object_component id="oc-5c8">
         <name>.text:fcvt</name>
         <load_address>0x188b0</load_address>
         <run_address>0x188b0</run_address>
         <size>0xfc</size>
         <input_file_ref idref="fl-6f"/>
      </object_component>
      <object_component id="oc-5dc">
         <name>.text:scalbn</name>
         <load_address>0x189ac</load_address>
         <run_address>0x189ac</run_address>
         <size>0xf0</size>
         <input_file_ref idref="fl-7a"/>
      </object_component>
      <object_component id="oc-385">
         <name>.text:floor</name>
         <load_address>0x18a9c</load_address>
         <run_address>0x18a9c</run_address>
         <size>0xe0</size>
         <input_file_ref idref="fl-60"/>
      </object_component>
      <object_component id="oc-19">
         <name>.text:retain</name>
         <load_address>0x18b7c</load_address>
         <run_address>0x18b7c</run_address>
         <size>0xd8</size>
         <input_file_ref idref="fl-1b"/>
      </object_component>
      <object_component id="oc-28">
         <name>.text:retain</name>
         <load_address>0x18c54</load_address>
         <run_address>0x18c54</run_address>
         <size>0xcc</size>
         <input_file_ref idref="fl-5"/>
      </object_component>
      <object_component id="oc-4f9">
         <name>.text:_ltostr</name>
         <load_address>0x18d20</load_address>
         <run_address>0x18d20</run_address>
         <size>0xad</size>
         <input_file_ref idref="fl-6f"/>
      </object_component>
      <object_component id="oc-1f">
         <name>.text:retain</name>
         <load_address>0x18dd0</load_address>
         <run_address>0x18dd0</run_address>
         <size>0xa0</size>
         <input_file_ref idref="fl-3"/>
      </object_component>
      <object_component id="oc-56">
         <name>.text</name>
         <load_address>0x18e70</load_address>
         <run_address>0x18e70</run_address>
         <size>0x9c</size>
         <input_file_ref idref="fl-62"/>
      </object_component>
      <object_component id="oc-85">
         <name>.text</name>
         <load_address>0x18f0c</load_address>
         <run_address>0x18f0c</run_address>
         <size>0x94</size>
         <input_file_ref idref="fl-c"/>
      </object_component>
      <object_component id="oc-5c1">
         <name>.text:_mcpy</name>
         <load_address>0x18fa0</load_address>
         <run_address>0x18fa0</run_address>
         <size>0x7a</size>
         <input_file_ref idref="fl-6f"/>
      </object_component>
      <object_component id="oc-e9">
         <name>.text</name>
         <load_address>0x1901a</load_address>
         <run_address>0x1901a</run_address>
         <size>0x7a</size>
         <input_file_ref idref="fl-65"/>
      </object_component>
      <object_component id="oc-5d6">
         <name>.text:frexp</name>
         <load_address>0x19094</load_address>
         <run_address>0x19094</run_address>
         <size>0x74</size>
         <input_file_ref idref="fl-79"/>
      </object_component>
      <object_component id="oc-c">
         <name>.text:decompress:lzss:__TI_decompress_lzss</name>
         <load_address>0x19108</load_address>
         <run_address>0x19108</run_address>
         <size>0x6c</size>
         <input_file_ref idref="fl-6a"/>
      </object_component>
      <object_component id="oc-248">
         <name>.text</name>
         <load_address>0x19174</load_address>
         <run_address>0x19174</run_address>
         <size>0x60</size>
         <input_file_ref idref="fl-2"/>
      </object_component>
      <object_component id="oc-5bb">
         <name>.text:_ecpy</name>
         <load_address>0x191d4</load_address>
         <run_address>0x191d4</run_address>
         <size>0x54</size>
         <input_file_ref idref="fl-6f"/>
      </object_component>
      <object_component id="oc-5b5">
         <name>.text:ltoa</name>
         <load_address>0x19228</load_address>
         <run_address>0x19228</run_address>
         <size>0x54</size>
         <input_file_ref idref="fl-74"/>
      </object_component>
      <object_component id="oc-303">
         <name>.text</name>
         <load_address>0x1927c</load_address>
         <run_address>0x1927c</run_address>
         <size>0x54</size>
         <input_file_ref idref="fl-63"/>
      </object_component>
      <object_component id="oc-505">
         <name>.text:_pconv_f</name>
         <load_address>0x192d0</load_address>
         <run_address>0x192d0</run_address>
         <size>0x50</size>
         <input_file_ref idref="fl-6f"/>
      </object_component>
      <object_component id="oc-4f3">
         <name>.text:atoi</name>
         <load_address>0x19320</load_address>
         <run_address>0x19320</run_address>
         <size>0x50</size>
         <input_file_ref idref="fl-72"/>
      </object_component>
      <object_component id="oc-308">
         <name>.text</name>
         <load_address>0x19370</load_address>
         <run_address>0x19370</run_address>
         <size>0x50</size>
         <input_file_ref idref="fl-64"/>
      </object_component>
      <object_component id="oc-24e">
         <name>.text:snprintf</name>
         <load_address>0x193c0</load_address>
         <run_address>0x193c0</run_address>
         <size>0x4c</size>
         <input_file_ref idref="fl-61"/>
      </object_component>
      <object_component id="oc-2b6">
         <name>.text</name>
         <load_address>0x1940c</load_address>
         <run_address>0x1940c</run_address>
         <size>0x4c</size>
         <input_file_ref idref="fl-23"/>
      </object_component>
      <object_component id="oc-10e">
         <name>.text:__TI_auto_init_nobinit_nopinit:__TI_auto_init_nobinit_nopinit</name>
         <load_address>0x19458</load_address>
         <run_address>0x19458</run_address>
         <size>0x44</size>
         <input_file_ref idref="fl-66"/>
      </object_component>
      <object_component id="oc-5ce">
         <name>.text:_fcpy</name>
         <load_address>0x1949c</load_address>
         <run_address>0x1949c</run_address>
         <size>0x40</size>
         <input_file_ref idref="fl-6f"/>
      </object_component>
      <object_component id="oc-3b3">
         <name>.text:_outs</name>
         <load_address>0x194dc</load_address>
         <run_address>0x194dc</run_address>
         <size>0x30</size>
         <input_file_ref idref="fl-61"/>
      </object_component>
      <object_component id="oc-26c">
         <name>.text:memcmp</name>
         <load_address>0x1950c</load_address>
         <run_address>0x1950c</run_address>
         <size>0x26</size>
         <input_file_ref idref="fl-6d"/>
      </object_component>
      <object_component id="oc-15a">
         <name>.text</name>
         <load_address>0x19534</load_address>
         <run_address>0x19534</run_address>
         <size>0x24</size>
         <input_file_ref idref="fl-30"/>
      </object_component>
      <object_component id="oc-97">
         <name>.text</name>
         <load_address>0x19558</load_address>
         <run_address>0x19558</run_address>
         <size>0x20</size>
         <input_file_ref idref="fl-14"/>
      </object_component>
      <object_component id="oc-61b">
         <name>.text:copysign</name>
         <load_address>0x19578</load_address>
         <run_address>0x19578</run_address>
         <size>0x1e</size>
         <input_file_ref idref="fl-7b"/>
      </object_component>
      <object_component id="oc-517">
         <name>.text:memccpy</name>
         <load_address>0x19596</load_address>
         <run_address>0x19596</run_address>
         <size>0x1c</size>
         <input_file_ref idref="fl-75"/>
      </object_component>
      <object_component id="oc-3b9">
         <name>.text:_outc</name>
         <load_address>0x195b2</load_address>
         <run_address>0x195b2</run_address>
         <size>0x18</size>
         <input_file_ref idref="fl-61"/>
      </object_component>
      <object_component id="oc-5e2">
         <name>.text:strchr</name>
         <load_address>0x195ca</load_address>
         <run_address>0x195ca</run_address>
         <size>0x16</size>
         <input_file_ref idref="fl-76"/>
      </object_component>
      <object_component id="oc-254">
         <name>.text:strlen</name>
         <load_address>0x195e0</load_address>
         <run_address>0x195e0</run_address>
         <size>0x16</size>
         <input_file_ref idref="fl-6e"/>
      </object_component>
      <object_component id="oc-51d">
         <name>.text:wcslen</name>
         <load_address>0x195f6</load_address>
         <run_address>0x195f6</run_address>
         <size>0x12</size>
         <input_file_ref idref="fl-78"/>
      </object_component>
      <object_component id="oc-12">
         <name>.text:decompress:none:__TI_decompress_none</name>
         <load_address>0x19608</load_address>
         <run_address>0x19608</run_address>
         <size>0xe</size>
         <input_file_ref idref="fl-69"/>
      </object_component>
      <object_component id="oc-68">
         <name>.text:decompress:ZI:__TI_zero_init</name>
         <load_address>0x19616</load_address>
         <run_address>0x19616</run_address>
         <size>0xc</size>
         <input_file_ref idref="fl-68"/>
      </object_component>
      <object_component id="oc-523">
         <name>.text:__aeabi_errno_addr</name>
         <load_address>0x19624</load_address>
         <run_address>0x19624</run_address>
         <size>0x8</size>
         <input_file_ref idref="fl-77"/>
      </object_component>
      <object_component id="oc-7f">
         <name>.text</name>
         <load_address>0x1962c</load_address>
         <run_address>0x1962c</run_address>
         <size>0x4</size>
         <input_file_ref idref="fl-1b"/>
      </object_component>
      <object_component id="oc-14e">
         <name>.text:abort:abort</name>
         <load_address>0x19630</load_address>
         <run_address>0x19630</run_address>
         <size>0x4</size>
         <input_file_ref idref="fl-6b"/>
      </object_component>
      <object_component id="oc-39">
         <name>.text:retain</name>
         <load_address>0x19634</load_address>
         <run_address>0x19634</run_address>
         <size>0x4</size>
         <input_file_ref idref="fl-17"/>
      </object_component>
      <object_component id="oc-297">
         <name>.text</name>
         <load_address>0x19638</load_address>
         <run_address>0x19638</run_address>
         <size>0x4</size>
         <input_file_ref idref="fl-36"/>
      </object_component>
      <object_component id="oc-25">
         <name>.const:s_vim_init</name>
         <load_address>0x19640</load_address>
         <run_address>0x19640</run_address>
         <size>0x200</size>
         <input_file_ref idref="fl-1c"/>
      </object_component>
      <object_component id="oc-5aa">
         <name>.const:.string:_ctypes_</name>
         <load_address>0x19840</load_address>
         <run_address>0x19840</run_address>
         <size>0x101</size>
         <input_file_ref idref="fl-73"/>
      </object_component>
      <object_component id="oc-578">
         <name>.const:.string</name>
         <load_address>0x19944</load_address>
         <run_address>0x19944</run_address>
         <size>0x78</size>
         <input_file_ref idref="fl-38"/>
      </object_component>
      <object_component id="oc-442">
         <name>.const:tcp_state_str</name>
         <load_address>0x199bc</load_address>
         <run_address>0x199bc</run_address>
         <size>0x2c</size>
         <input_file_ref idref="fl-38"/>
      </object_component>
      <object_component id="oc-415">
         <name>.const:memp_num</name>
         <load_address>0x199e8</load_address>
         <run_address>0x199e8</run_address>
         <size>0x10</size>
         <input_file_ref idref="fl-32"/>
      </object_component>
      <object_component id="oc-41e">
         <name>.const:memp_sizes</name>
         <load_address>0x199f8</load_address>
         <run_address>0x199f8</run_address>
         <size>0x10</size>
         <input_file_ref idref="fl-32"/>
      </object_component>
      <object_component id="oc-435">
         <name>.const:tcp_pcb_lists</name>
         <load_address>0x19a08</load_address>
         <run_address>0x19a08</run_address>
         <size>0x10</size>
         <input_file_ref idref="fl-38"/>
      </object_component>
      <object_component id="oc-43f">
         <name>.const:.string:tcp_backoff</name>
         <load_address>0x19a18</load_address>
         <run_address>0x19a18</run_address>
         <size>0xd</size>
         <input_file_ref idref="fl-38"/>
      </object_component>
      <object_component id="oc-43c">
         <name>.const:.string:tcp_persist_backoff</name>
         <load_address>0x19a25</load_address>
         <run_address>0x19a25</run_address>
         <size>0x7</size>
         <input_file_ref idref="fl-38"/>
      </object_component>
      <object_component id="oc-459">
         <name>.const:ethbroadcast</name>
         <load_address>0x19a2c</load_address>
         <run_address>0x19a2c</run_address>
         <size>0x6</size>
         <input_file_ref idref="fl-4b"/>
      </object_component>
      <object_component id="oc-45f">
         <name>.const:ethzero</name>
         <load_address>0x19a32</load_address>
         <run_address>0x19a32</run_address>
         <size>0x6</size>
         <input_file_ref idref="fl-4b"/>
      </object_component>
      <object_component id="oc-232">
         <name>.const:.string:$P$T0$2</name>
         <load_address>0x19a38</load_address>
         <run_address>0x19a38</run_address>
         <size>0x4</size>
         <input_file_ref idref="fl-3"/>
      </object_component>
      <object_component id="oc-235">
         <name>.const:.string:$P$T1$3</name>
         <load_address>0x19a3c</load_address>
         <run_address>0x19a3c</run_address>
         <size>0x4</size>
         <input_file_ref idref="fl-3"/>
      </object_component>
      <object_component id="oc-238">
         <name>.const:.string:$P$T2$4</name>
         <load_address>0x19a40</load_address>
         <run_address>0x19a40</run_address>
         <size>0x4</size>
         <input_file_ref idref="fl-3"/>
      </object_component>
      <object_component id="oc-3f1">
         <name>.const:.string:ip_addr</name>
         <load_address>0x19a44</load_address>
         <run_address>0x19a44</run_address>
         <size>0x4</size>
         <input_file_ref idref="fl-4"/>
      </object_component>
      <object_component id="oc-280">
         <name>.const:ip_addr_any</name>
         <load_address>0x19a48</load_address>
         <run_address>0x19a48</run_address>
         <size>0x4</size>
         <input_file_ref idref="fl-43"/>
      </object_component>
      <object_component id="oc-311">
         <name>.const:ip_addr_broadcast</name>
         <load_address>0x19a4c</load_address>
         <run_address>0x19a4c</run_address>
         <size>0x4</size>
         <input_file_ref idref="fl-43"/>
      </object_component>
      <object_component id="oc-27d">
         <name>.const</name>
         <load_address>0x19a50</load_address>
         <run_address>0x19a50</run_address>
         <size>0x4</size>
         <input_file_ref idref="fl-4"/>
      </object_component>
      <object_component id="oc-66e">
         <name>.cinit..data.load</name>
         <load_address>0x19a60</load_address>
         <run_address>0x19a60</run_address>
         <size>0x118</size>
      </object_component>
      <object_component id="oc-66b">
         <name>__TI_handler_table</name>
         <load_address>0x19b78</load_address>
         <run_address>0x19b78</run_address>
         <size>0xc</size>
      </object_component>
      <object_component id="oc-66d">
         <name>.cinit..bss.load</name>
         <load_address>0x19b88</load_address>
         <run_address>0x19b88</run_address>
         <size>0x8</size>
      </object_component>
      <object_component id="oc-66c">
         <name>__TI_cinit_table</name>
         <load_address>0x19b90</load_address>
         <run_address>0x19b90</run_address>
         <size>0x10</size>
      </object_component>
      <object_component id="oc-222">
         <name>.bss</name>
         <uninitialized>true</uninitialized>
         <run_address>0x8014180</run_address>
         <size>0x4</size>
         <input_file_ref idref="fl-3"/>
      </object_component>
      <object_component id="oc-272">
         <name>.bss</name>
         <uninitialized>true</uninitialized>
         <run_address>0x8014188</run_address>
         <size>0x4</size>
         <input_file_ref idref="fl-4"/>
      </object_component>
      <object_component id="oc-1c1">
         <name>.bss:pbuf_array</name>
         <uninitialized>true</uninitialized>
         <run_address>0x80102a8</run_address>
         <size>0x3b24</size>
         <input_file_ref idref="fl-5"/>
      </object_component>
      <object_component id="oc-38b">
         <name>.bss:g_sciTransfer_t</name>
         <uninitialized>true</uninitialized>
         <run_address>0x8013fd4</run_address>
         <size>0x50</size>
         <input_file_ref idref="fl-10"/>
      </object_component>
      <object_component id="oc-393">
         <name>.bss:locatorData</name>
         <uninitialized>true</uninitialized>
         <run_address>0x8013f80</run_address>
         <size>0x54</size>
         <input_file_ref idref="fl-21"/>
      </object_component>
      <object_component id="oc-172">
         <name>.bss:hdkNetIF</name>
         <uninitialized>true</uninitialized>
         <run_address>0x80140a4</run_address>
         <size>0x34</size>
         <input_file_ref idref="fl-22"/>
      </object_component>
      <object_component id="oc-2c2">
         <name>.bss:hdkif_data</name>
         <uninitialized>true</uninitialized>
         <run_address>0x8014024</run_address>
         <size>0x44</size>
         <input_file_ref idref="fl-24"/>
      </object_component>
      <object_component id="oc-409">
         <name>.bss</name>
         <uninitialized>true</uninitialized>
         <run_address>0x801415c</run_address>
         <size>0xc</size>
         <input_file_ref idref="fl-31"/>
      </object_component>
      <object_component id="oc-41b">
         <name>.bss:memp_tab</name>
         <uninitialized>true</uninitialized>
         <run_address>0x8014100</run_address>
         <size>0x20</size>
         <input_file_ref idref="fl-32"/>
      </object_component>
      <object_component id="oc-418">
         <name>.bss:memp_memory</name>
         <uninitialized>true</uninitialized>
         <run_address>0x8008d14</run_address>
         <size>0x7594</size>
         <input_file_ref idref="fl-32"/>
      </object_component>
      <object_component id="oc-2ed">
         <name>.bss</name>
         <uninitialized>true</uninitialized>
         <run_address>0x80141d7</run_address>
         <size>0x1</size>
         <input_file_ref idref="fl-33"/>
      </object_component>
      <object_component id="oc-49c">
         <name>.bss</name>
         <uninitialized>true</uninitialized>
         <run_address>0x8014184</run_address>
         <size>0x4</size>
         <input_file_ref idref="fl-35"/>
      </object_component>
      <object_component id="oc-42e">
         <name>.bss</name>
         <uninitialized>true</uninitialized>
         <run_address>0x80141d4</run_address>
         <size>0x2</size>
         <input_file_ref idref="fl-38"/>
      </object_component>
      <object_component id="oc-4a9">
         <name>.bss:inseg</name>
         <uninitialized>true</uninitialized>
         <run_address>0x801413c</run_address>
         <size>0x10</size>
         <input_file_ref idref="fl-39"/>
      </object_component>
      <object_component id="oc-4a6">
         <name>.bss</name>
         <uninitialized>true</uninitialized>
         <run_address>0x8014120</run_address>
         <size>0x1c</size>
         <input_file_ref idref="fl-39"/>
      </object_component>
      <object_component id="oc-44b">
         <name>.bss</name>
         <uninitialized>true</uninitialized>
         <run_address>0x8014168</run_address>
         <size>0xc</size>
         <input_file_ref idref="fl-3b"/>
      </object_component>
      <object_component id="oc-33b">
         <name>.bss</name>
         <uninitialized>true</uninitialized>
         <run_address>0x8013eb6</run_address>
         <size>0x2</size>
         <input_file_ref idref="fl-42"/>
      </object_component>
      <object_component id="oc-390">
         <name>.bss:str$1</name>
         <uninitialized>true</uninitialized>
         <run_address>0x801414c</run_address>
         <size>0x10</size>
         <input_file_ref idref="fl-43"/>
      </object_component>
      <object_component id="oc-456">
         <name>.bss:arp_table</name>
         <uninitialized>true</uninitialized>
         <run_address>0x8013eb8</run_address>
         <size>0xc8</size>
         <input_file_ref idref="fl-4b"/>
      </object_component>
      <object_component id="oc-45c">
         <name>.bss</name>
         <uninitialized>true</uninitialized>
         <run_address>0x80141d6</run_address>
         <size>0x1</size>
         <input_file_ref idref="fl-4b"/>
      </object_component>
      <object_component id="oc-23e">
         <name>.common:txtIPAddrItoA</name>
         <uninitialized>true</uninitialized>
         <run_address>0x80141cc</run_address>
         <size>0x4</size>
      </object_component>
      <object_component id="oc-276">
         <name>.common:input_buf</name>
         <uninitialized>true</uninitialized>
         <run_address>0x80141a0</run_address>
         <size>0x4</size>
      </object_component>
      <object_component id="oc-283">
         <name>.common:input</name>
         <uninitialized>true</uninitialized>
         <run_address>0x801419c</run_address>
         <size>0x4</size>
      </object_component>
      <object_component id="oc-279">
         <name>.common:output</name>
         <uninitialized>true</uninitialized>
         <run_address>0x80141ac</run_address>
         <size>0x4</size>
      </object_component>
      <object_component id="oc-b7">
         <name>.common:hdkif_data</name>
         <uninitialized>true</uninitialized>
         <run_address>0x8014068</run_address>
         <size>0x3c</size>
      </object_component>
      <object_component id="oc-310">
         <name>.common:dhcp_rx_options_val</name>
         <uninitialized>true</uninitialized>
         <run_address>0x80140d8</run_address>
         <size>0x28</size>
      </object_component>
      <object_component id="oc-30d">
         <name>.common:dhcp_rx_options_given</name>
         <uninitialized>true</uninitialized>
         <run_address>0x8014174</run_address>
         <size>0xc</size>
      </object_component>
      <object_component id="oc-40c">
         <name>.common:ram_heap</name>
         <uninitialized>true</uninitialized>
         <run_address>0x8001500</run_address>
         <size>0x7814</size>
      </object_component>
      <object_component id="oc-2f0">
         <name>.common:netif_list</name>
         <uninitialized>true</uninitialized>
         <run_address>0x80141a8</run_address>
         <size>0x4</size>
      </object_component>
      <object_component id="oc-2f3">
         <name>.common:netif_default</name>
         <uninitialized>true</uninitialized>
         <run_address>0x80141a4</run_address>
         <size>0x4</size>
      </object_component>
      <object_component id="oc-3d2">
         <name>.common:pbuf_free_ooseq_pending</name>
         <uninitialized>true</uninitialized>
         <run_address>0x80141d8</run_address>
         <size>0x1</size>
      </object_component>
      <object_component id="oc-2dd">
         <name>.common:lwip_stats</name>
         <uninitialized>true</uninitialized>
         <run_address>0x8013dcc</run_address>
         <size>0xea</size>
      </object_component>
      <object_component id="oc-43b">
         <name>.common:tcp_ticks</name>
         <uninitialized>true</uninitialized>
         <run_address>0x80141c0</run_address>
         <size>0x4</size>
      </object_component>
      <object_component id="oc-434">
         <name>.common:tcp_bound_pcbs</name>
         <uninitialized>true</uninitialized>
         <run_address>0x80141b4</run_address>
         <size>0x4</size>
      </object_component>
      <object_component id="oc-2f7">
         <name>.common:tcp_listen_pcbs</name>
         <uninitialized>true</uninitialized>
         <run_address>0x80141bc</run_address>
         <size>0x4</size>
      </object_component>
      <object_component id="oc-2f4">
         <name>.common:tcp_active_pcbs</name>
         <uninitialized>true</uninitialized>
         <run_address>0x80141b0</run_address>
         <size>0x4</size>
      </object_component>
      <object_component id="oc-433">
         <name>.common:tcp_tw_pcbs</name>
         <uninitialized>true</uninitialized>
         <run_address>0x80141c8</run_address>
         <size>0x4</size>
      </object_component>
      <object_component id="oc-431">
         <name>.common:tcp_tmp_pcb</name>
         <uninitialized>true</uninitialized>
         <run_address>0x80141c4</run_address>
         <size>0x4</size>
      </object_component>
      <object_component id="oc-432">
         <name>.common:tcp_active_pcbs_changed</name>
         <uninitialized>true</uninitialized>
         <run_address>0x80141d9</run_address>
         <size>0x1</size>
      </object_component>
      <object_component id="oc-4ac">
         <name>.common:tcp_input_pcb</name>
         <uninitialized>true</uninitialized>
         <run_address>0x80141b8</run_address>
         <size>0x4</size>
      </object_component>
      <object_component id="oc-3d9">
         <name>.common:udp_pcbs</name>
         <uninitialized>true</uninitialized>
         <run_address>0x80141d0</run_address>
         <size>0x4</size>
      </object_component>
      <object_component id="oc-339">
         <name>.common:current_netif</name>
         <uninitialized>true</uninitialized>
         <run_address>0x8014198</run_address>
         <size>0x4</size>
      </object_component>
      <object_component id="oc-33a">
         <name>.common:current_header</name>
         <uninitialized>true</uninitialized>
         <run_address>0x801418c</run_address>
         <size>0x4</size>
      </object_component>
      <object_component id="oc-338">
         <name>.common:current_iphdr_src</name>
         <uninitialized>true</uninitialized>
         <run_address>0x8014194</run_address>
         <size>0x4</size>
      </object_component>
      <object_component id="oc-335">
         <name>.common:current_iphdr_dest</name>
         <uninitialized>true</uninitialized>
         <run_address>0x8014190</run_address>
         <size>0x4</size>
      </object_component>
      <object_component id="oc-273">
         <name>.data:txtCRLF_</name>
         <load_address>0x8014338</load_address>
         <run_address>0x8014338</run_address>
         <size>0x2</size>
         <input_file_ref idref="fl-2"/>
      </object_component>
      <object_component id="oc-223">
         <name>.data:txtCRLF</name>
         <load_address>0x801432a</load_address>
         <run_address>0x801432a</run_address>
         <size>0x2</size>
         <input_file_ref idref="fl-3"/>
      </object_component>
      <object_component id="oc-226">
         <name>.data:txtTitle</name>
         <load_address>0x80142a7</load_address>
         <run_address>0x80142a7</run_address>
         <size>0x1a</size>
         <input_file_ref idref="fl-3"/>
      </object_component>
      <object_component id="oc-229">
         <name>.data:txtTI</name>
         <load_address>0x80142ea</load_address>
         <run_address>0x80142ea</run_address>
         <size>0x12</size>
         <input_file_ref idref="fl-3"/>
      </object_component>
      <object_component id="oc-22c">
         <name>.data:txtLittleEndian</name>
         <load_address>0x80142c1</load_address>
         <run_address>0x80142c1</run_address>
         <size>0x15</size>
         <input_file_ref idref="fl-3"/>
      </object_component>
      <object_component id="oc-22f">
         <name>.data:txtEnetInit</name>
         <load_address>0x8014253</load_address>
         <run_address>0x8014253</run_address>
         <size>0x1d</size>
         <input_file_ref idref="fl-3"/>
      </object_component>
      <object_component id="oc-23f">
         <name>.data:txtIPAddrTxt</name>
         <load_address>0x80142d6</load_address>
         <run_address>0x80142d6</run_address>
         <size>0x14</size>
         <input_file_ref idref="fl-3"/>
      </object_component>
      <object_component id="oc-23b">
         <name>.data:txtErrorInit</name>
         <load_address>0x80141dc</load_address>
         <run_address>0x80141dc</run_address>
         <size>0x2e</size>
         <input_file_ref idref="fl-3"/>
      </object_component>
      <object_component id="oc-aa">
         <name>.data</name>
         <load_address>0x801430c</load_address>
         <run_address>0x801430c</run_address>
         <size>0x8</size>
         <input_file_ref idref="fl-3"/>
      </object_component>
      <object_component id="oc-27a">
         <name>.data</name>
         <load_address>0x8014334</load_address>
         <run_address>0x8014334</run_address>
         <size>0x4</size>
         <input_file_ref idref="fl-4"/>
      </object_component>
      <object_component id="oc-14a">
         <name>.data:emacAddress</name>
         <load_address>0x8014324</load_address>
         <run_address>0x8014324</run_address>
         <size>0x6</size>
         <input_file_ref idref="fl-14"/>
      </object_component>
      <object_component id="oc-2c5">
         <name>.data:txtCRLF2</name>
         <load_address>0x801430a</load_address>
         <run_address>0x801430a</run_address>
         <size>0x2</size>
         <input_file_ref idref="fl-24"/>
      </object_component>
      <object_component id="oc-2ce">
         <name>.data:txtSuccess</name>
         <load_address>0x801431c</load_address>
         <run_address>0x801431c</run_address>
         <size>0x8</size>
         <input_file_ref idref="fl-24"/>
      </object_component>
      <object_component id="oc-2cb">
         <name>.data:txtProgress</name>
         <load_address>0x801433a</load_address>
         <run_address>0x801433a</run_address>
         <size>0x2</size>
         <input_file_ref idref="fl-24"/>
      </object_component>
      <object_component id="oc-2d1">
         <name>.data:txtError</name>
         <load_address>0x80142fc</load_address>
         <run_address>0x80142fc</run_address>
         <size>0xe</size>
         <input_file_ref idref="fl-24"/>
      </object_component>
      <object_component id="oc-2c8">
         <name>.data:txtPhyGetId</name>
         <load_address>0x801428c</load_address>
         <run_address>0x801428c</run_address>
         <size>0x1b</size>
         <input_file_ref idref="fl-24"/>
      </object_component>
      <object_component id="oc-2d4">
         <name>.data:txtPhyGetAlSts</name>
         <load_address>0x801420a</load_address>
         <run_address>0x801420a</run_address>
         <size>0x25</size>
         <input_file_ref idref="fl-24"/>
      </object_component>
      <object_component id="oc-2d7">
         <name>.data:txtPhyGetLnkSts</name>
         <load_address>0x801422f</load_address>
         <run_address>0x801422f</run_address>
         <size>0x24</size>
         <input_file_ref idref="fl-24"/>
      </object_component>
      <object_component id="oc-2da">
         <name>.data:txtPhySetupLink</name>
         <load_address>0x8014270</load_address>
         <run_address>0x8014270</run_address>
         <size>0x1c</size>
         <input_file_ref idref="fl-24"/>
      </object_component>
      <object_component id="oc-314">
         <name>.data</name>
         <load_address>0x801432c</load_address>
         <run_address>0x801432c</run_address>
         <size>0x4</size>
         <input_file_ref idref="fl-2e"/>
      </object_component>
      <object_component id="oc-438">
         <name>.data</name>
         <load_address>0x8014314</load_address>
         <run_address>0x8014314</run_address>
         <size>0x8</size>
         <input_file_ref idref="fl-38"/>
      </object_component>
      <object_component id="oc-3d6">
         <name>.data</name>
         <load_address>0x801433c</load_address>
         <run_address>0x801433c</run_address>
         <size>0x2</size>
         <input_file_ref idref="fl-3c"/>
      </object_component>
      <object_component id="oc-5f2">
         <name>.data</name>
         <load_address>0x8014330</load_address>
         <run_address>0x8014330</run_address>
         <size>0x4</size>
         <input_file_ref idref="fl-77"/>
      </object_component>
      <object_component id="oc-361">
         <name>.debug_info</name>
         <load_address>0x0</load_address>
         <run_address>0x0</run_address>
         <size>0x2e6</size>
         <input_file_ref idref="fl-2"/>
      </object_component>
      <object_component id="oc-274">
         <name>.debug_info</name>
         <load_address>0x2e6</load_address>
         <run_address>0x2e6</run_address>
         <size>0xf7</size>
         <input_file_ref idref="fl-2"/>
      </object_component>
      <object_component id="oc-24b">
         <name>.debug_info</name>
         <load_address>0x3dd</load_address>
         <run_address>0x3dd</run_address>
         <size>0x1be</size>
         <input_file_ref idref="fl-2"/>
      </object_component>
      <object_component id="oc-188">
         <name>.debug_info</name>
         <load_address>0x59b</load_address>
         <run_address>0x59b</run_address>
         <size>0x26b</size>
         <input_file_ref idref="fl-2"/>
      </object_component>
      <object_component id="oc-bc">
         <name>.debug_info</name>
         <load_address>0x806</load_address>
         <run_address>0x806</run_address>
         <size>0x157</size>
         <input_file_ref idref="fl-2"/>
      </object_component>
      <object_component id="oc-ca">
         <name>.debug_info</name>
         <load_address>0x95d</load_address>
         <run_address>0x95d</run_address>
         <size>0x8b</size>
         <input_file_ref idref="fl-2"/>
      </object_component>
      <object_component id="oc-35c">
         <name>.debug_info</name>
         <load_address>0x9e8</load_address>
         <run_address>0x9e8</run_address>
         <size>0x297</size>
         <input_file_ref idref="fl-2"/>
      </object_component>
      <object_component id="oc-1c7">
         <name>.debug_info</name>
         <load_address>0xc7f</load_address>
         <run_address>0xc7f</run_address>
         <size>0xbb</size>
         <input_file_ref idref="fl-2"/>
      </object_component>
      <object_component id="oc-cf">
         <name>.debug_info</name>
         <load_address>0xd3a</load_address>
         <run_address>0xd3a</run_address>
         <size>0x86</size>
         <input_file_ref idref="fl-2"/>
      </object_component>
      <object_component id="oc-19c">
         <name>.debug_info</name>
         <load_address>0xdc0</load_address>
         <run_address>0xdc0</run_address>
         <size>0x1f9</size>
         <input_file_ref idref="fl-2"/>
      </object_component>
      <object_component id="oc-1fa">
         <name>.debug_info</name>
         <load_address>0xfb9</load_address>
         <run_address>0xfb9</run_address>
         <size>0x243</size>
         <input_file_ref idref="fl-2"/>
      </object_component>
      <object_component id="oc-4e8">
         <name>.debug_info</name>
         <load_address>0x11fc</load_address>
         <run_address>0x11fc</run_address>
         <size>0x18e</size>
         <input_file_ref idref="fl-2"/>
      </object_component>
      <object_component id="oc-184">
         <name>.debug_info</name>
         <load_address>0x138a</load_address>
         <run_address>0x138a</run_address>
         <size>0x7c2</size>
         <input_file_ref idref="fl-3"/>
      </object_component>
      <object_component id="oc-224">
         <name>.debug_info</name>
         <load_address>0x1b4c</load_address>
         <run_address>0x1b4c</run_address>
         <size>0xf2</size>
         <input_file_ref idref="fl-3"/>
      </object_component>
      <object_component id="oc-227">
         <name>.debug_info</name>
         <load_address>0x1c3e</load_address>
         <run_address>0x1c3e</run_address>
         <size>0xf4</size>
         <input_file_ref idref="fl-3"/>
      </object_component>
      <object_component id="oc-22a">
         <name>.debug_info</name>
         <load_address>0x1d32</load_address>
         <run_address>0x1d32</run_address>
         <size>0xee</size>
         <input_file_ref idref="fl-3"/>
      </object_component>
      <object_component id="oc-22d">
         <name>.debug_info</name>
         <load_address>0x1e20</load_address>
         <run_address>0x1e20</run_address>
         <size>0x102</size>
         <input_file_ref idref="fl-3"/>
      </object_component>
      <object_component id="oc-230">
         <name>.debug_info</name>
         <load_address>0x1f22</load_address>
         <run_address>0x1f22</run_address>
         <size>0xfa</size>
         <input_file_ref idref="fl-3"/>
      </object_component>
      <object_component id="oc-240">
         <name>.debug_info</name>
         <load_address>0x201c</load_address>
         <run_address>0x201c</run_address>
         <size>0xfc</size>
         <input_file_ref idref="fl-3"/>
      </object_component>
      <object_component id="oc-23c">
         <name>.debug_info</name>
         <load_address>0x2118</load_address>
         <run_address>0x2118</run_address>
         <size>0xfc</size>
         <input_file_ref idref="fl-3"/>
      </object_component>
      <object_component id="oc-ab">
         <name>.debug_info</name>
         <load_address>0x2214</load_address>
         <run_address>0x2214</run_address>
         <size>0x141</size>
         <input_file_ref idref="fl-3"/>
      </object_component>
      <object_component id="oc-233">
         <name>.debug_info</name>
         <load_address>0x2355</load_address>
         <run_address>0x2355</run_address>
         <size>0xf1</size>
         <input_file_ref idref="fl-3"/>
      </object_component>
      <object_component id="oc-236">
         <name>.debug_info</name>
         <load_address>0x2446</load_address>
         <run_address>0x2446</run_address>
         <size>0xf1</size>
         <input_file_ref idref="fl-3"/>
      </object_component>
      <object_component id="oc-239">
         <name>.debug_info</name>
         <load_address>0x2537</load_address>
         <run_address>0x2537</run_address>
         <size>0xf1</size>
         <input_file_ref idref="fl-3"/>
      </object_component>
      <object_component id="oc-13f">
         <name>.debug_info</name>
         <load_address>0x2628</load_address>
         <run_address>0x2628</run_address>
         <size>0x980</size>
         <input_file_ref idref="fl-3"/>
      </object_component>
      <object_component id="oc-20">
         <name>.debug_info</name>
         <load_address>0x2fa8</load_address>
         <run_address>0x2fa8</run_address>
         <size>0x1bd</size>
         <input_file_ref idref="fl-3"/>
      </object_component>
      <object_component id="oc-9f">
         <name>.debug_info</name>
         <load_address>0x3165</load_address>
         <run_address>0x3165</run_address>
         <size>0x429</size>
         <input_file_ref idref="fl-3"/>
      </object_component>
      <object_component id="oc-341">
         <name>.debug_info</name>
         <load_address>0x358e</load_address>
         <run_address>0x358e</run_address>
         <size>0x12f</size>
         <input_file_ref idref="fl-3"/>
      </object_component>
      <object_component id="oc-423">
         <name>.debug_info</name>
         <load_address>0x36bd</load_address>
         <run_address>0x36bd</run_address>
         <size>0x87</size>
         <input_file_ref idref="fl-3"/>
      </object_component>
      <object_component id="oc-34b">
         <name>.debug_info</name>
         <load_address>0x3744</load_address>
         <run_address>0x3744</run_address>
         <size>0x65a</size>
         <input_file_ref idref="fl-3"/>
      </object_component>
      <object_component id="oc-350">
         <name>.debug_info</name>
         <load_address>0x3d9e</load_address>
         <run_address>0x3d9e</run_address>
         <size>0x174</size>
         <input_file_ref idref="fl-3"/>
      </object_component>
      <object_component id="oc-357">
         <name>.debug_info</name>
         <load_address>0x3f12</load_address>
         <run_address>0x3f12</run_address>
         <size>0x1b0</size>
         <input_file_ref idref="fl-3"/>
      </object_component>
      <object_component id="oc-2fe">
         <name>.debug_info</name>
         <load_address>0x40c2</load_address>
         <run_address>0x40c2</run_address>
         <size>0x7a</size>
         <input_file_ref idref="fl-3"/>
      </object_component>
      <object_component id="oc-2e3">
         <name>.debug_info</name>
         <load_address>0x413c</load_address>
         <run_address>0x413c</run_address>
         <size>0x2c</size>
         <input_file_ref idref="fl-3"/>
      </object_component>
      <object_component id="oc-410">
         <name>.debug_info</name>
         <load_address>0x4168</load_address>
         <run_address>0x4168</run_address>
         <size>0x2c</size>
         <input_file_ref idref="fl-3"/>
      </object_component>
      <object_component id="oc-18d">
         <name>.debug_info</name>
         <load_address>0x4194</load_address>
         <run_address>0x4194</run_address>
         <size>0x102</size>
         <input_file_ref idref="fl-3"/>
      </object_component>
      <object_component id="oc-1cc">
         <name>.debug_info</name>
         <load_address>0x4296</load_address>
         <run_address>0x4296</run_address>
         <size>0x515</size>
         <input_file_ref idref="fl-3"/>
      </object_component>
      <object_component id="oc-197">
         <name>.debug_info</name>
         <load_address>0x47ab</load_address>
         <run_address>0x47ab</run_address>
         <size>0x44a</size>
         <input_file_ref idref="fl-3"/>
      </object_component>
      <object_component id="oc-4b2">
         <name>.debug_info</name>
         <load_address>0x4bf5</load_address>
         <run_address>0x4bf5</run_address>
         <size>0xf5</size>
         <input_file_ref idref="fl-3"/>
      </object_component>
      <object_component id="oc-243">
         <name>.debug_info</name>
         <load_address>0x4cea</load_address>
         <run_address>0x4cea</run_address>
         <size>0x41</size>
         <input_file_ref idref="fl-3"/>
      </object_component>
      <object_component id="oc-17d">
         <name>.debug_info</name>
         <load_address>0x4d2b</load_address>
         <run_address>0x4d2b</run_address>
         <size>0x9f</size>
         <input_file_ref idref="fl-3"/>
      </object_component>
      <object_component id="oc-4b9">
         <name>.debug_info</name>
         <load_address>0x4dca</load_address>
         <run_address>0x4dca</run_address>
         <size>0x167</size>
         <input_file_ref idref="fl-3"/>
      </object_component>
      <object_component id="oc-1a1">
         <name>.debug_info</name>
         <load_address>0x4f31</load_address>
         <run_address>0x4f31</run_address>
         <size>0x152</size>
         <input_file_ref idref="fl-3"/>
      </object_component>
      <object_component id="oc-365">
         <name>.debug_info</name>
         <load_address>0x5083</load_address>
         <run_address>0x5083</run_address>
         <size>0x4c</size>
         <input_file_ref idref="fl-3"/>
      </object_component>
      <object_component id="oc-346">
         <name>.debug_info</name>
         <load_address>0x50cf</load_address>
         <run_address>0x50cf</run_address>
         <size>0x3f9</size>
         <input_file_ref idref="fl-3"/>
      </object_component>
      <object_component id="oc-1a6">
         <name>.debug_info</name>
         <load_address>0x54c8</load_address>
         <run_address>0x54c8</run_address>
         <size>0x70a</size>
         <input_file_ref idref="fl-3"/>
      </object_component>
      <object_component id="oc-277">
         <name>.debug_info</name>
         <load_address>0x5bd2</load_address>
         <run_address>0x5bd2</run_address>
         <size>0x7dc</size>
         <input_file_ref idref="fl-4"/>
      </object_component>
      <object_component id="oc-3f2">
         <name>.debug_info</name>
         <load_address>0x63ae</load_address>
         <run_address>0x63ae</run_address>
         <size>0xf0</size>
         <input_file_ref idref="fl-4"/>
      </object_component>
[...]
         <value>0x67e4</value>
         <object_component_ref idref="oc-2a9"/>
      </symbol>
      <symbol id="sm-cc7">
         <name>tcp_close</name>
         <value>0x53a4</value>
         <object_component_ref idref="oc-2a9"/>
      </symbol>
      <symbol id="sm-cc8">
         <name>tcp_update_rcv_ann_wnd</name>
         <value>0x59ac</value>
         <object_component_ref idref="oc-2a9"/>
      </symbol>
      <symbol id="sm-cc9">
         <name>tcp_new</name>
         <value>0x6c8c</value>
         <object_component_ref idref="oc-2a9"/>
      </symbol>
      <symbol id="sm-cca">
         <name>tcp_sent</name>
         <value>0x6cdc</value>
         <object_component_ref idref="oc-2a9"/>
      </symbol>
      <symbol id="sm-ccb">
         <name>tcp_tmr</name>
         <value>0x4f9c</value>
         <object_component_ref idref="oc-2a9"/>
      </symbol>
      <symbol id="sm-ccc">
         <name>tcp_eff_send_mss</name>
         <value>0x6f88</value>
         <object_component_ref idref="oc-2a9"/>
      </symbol>
      <symbol id="sm-ccd">
         <name>tcp_process_refused_data</name>
         <value>0x66b0</value>
         <object_component_ref idref="oc-2a9"/>
      </symbol>
      <symbol id="sm-cce">
         <name>tcp_listen_with_backlog</name>
         <value>0x57c8</value>
         <object_component_ref idref="oc-2a9"/>
      </symbol>
      <symbol id="sm-ccf">
         <name>tcp_seg_copy</name>
         <value>0x6884</value>
         <object_component_ref idref="oc-2a9"/>
      </symbol>
      <symbol id="sm-cd0">
         <name>tcp_accept</name>
         <value>0x6d1c</value>
         <object_component_ref idref="oc-2a9"/>
      </symbol>
      <symbol id="sm-cd1">
         <name>tcp_pcb_remove</name>
         <value>0x6e34</value>
         <object_component_ref idref="oc-2a9"/>
      </symbol>
      <symbol id="sm-cd2">
         <name>tcp_debug_state_str</name>
         <value>0x6ff4</value>
         <object_component_ref idref="oc-2a9"/>
      </symbol>
      <symbol id="sm-cd3">
         <name>tcp_state_str</name>
         <value>0x199bc</value>
         <object_component_ref idref="oc-442"/>
      </symbol>
      <symbol id="sm-cd4">
         <name>tcp_abort</name>
         <value>0x55fc</value>
         <object_component_ref idref="oc-2a9"/>
      </symbol>
      <symbol id="sm-cd5">
         <name>tcp_shutdown</name>
         <value>0x53dc</value>
         <object_component_ref idref="oc-2a9"/>
      </symbol>
      <symbol id="sm-cd6">
         <name>tcp_setprio</name>
         <value>0x6864</value>
         <object_component_ref idref="oc-2a9"/>
      </symbol>
      <symbol id="sm-df4">
         <name>tcp_input_pcb</name>
         <value>0x80141b8</value>
      </symbol>
      <symbol id="sm-df5">
         <name>tcp_input</name>
         <value>0x20</value>
         <object_component_ref idref="oc-329"/>
      </symbol>
      <symbol id="sm-eb0">
         <name>tcp_write</name>
         <value>0x7578</value>
         <object_component_ref idref="oc-428"/>
      </symbol>
      <symbol id="sm-eb1">
         <name>tcp_rst</name>
         <value>0x85d0</value>
         <object_component_ref idref="oc-428"/>
      </symbol>
      <symbol id="sm-eb2">
         <name>tcp_rexmit</name>
         <value>0x8778</value>
         <object_component_ref idref="oc-428"/>
      </symbol>
      <symbol id="sm-eb3">
         <name>tcp_output</name>
         <value>0x7fb0</value>
         <object_component_ref idref="oc-428"/>
      </symbol>
      <symbol id="sm-eb4">
         <name>tcp_rexmit_fast</name>
         <value>0x8858</value>
         <object_component_ref idref="oc-428"/>
      </symbol>
      <symbol id="sm-eb5">
         <name>tcp_keepalive</name>
         <value>0x8934</value>
         <object_component_ref idref="oc-428"/>
      </symbol>
      <symbol id="sm-eb6">
         <name>tcp_rexmit_rto</name>
         <value>0x86e0</value>
         <object_component_ref idref="oc-428"/>
      </symbol>
      <symbol id="sm-eb7">
         <name>tcp_send_empty_ack</name>
         <value>0x7edc</value>
         <object_component_ref idref="oc-428"/>
      </symbol>
      <symbol id="sm-eb8">
         <name>tcp_enqueue_flags</name>
         <value>0x7c74</value>
         <object_component_ref idref="oc-428"/>
      </symbol>
      <symbol id="sm-eb9">
         <name>tcp_send_fin</name>
         <value>0x7138</value>
         <object_component_ref idref="oc-428"/>
      </symbol>
      <symbol id="sm-eba">
         <name>tcp_zero_window_probe</name>
         <value>0x89f0</value>
         <object_component_ref idref="oc-428"/>
      </symbol>
      <symbol id="sm-efe">
         <name>sys_restart_timeouts</name>
         <value>0x15f1c</value>
         <object_component_ref idref="oc-2af"/>
      </symbol>
      <symbol id="sm-eff">
         <name>tcp_timer_needed</name>
         <value>0x15a80</value>
         <object_component_ref idref="oc-2af"/>
      </symbol>
      <symbol id="sm-f00">
         <name>sys_timeouts_init</name>
         <value>0x15b34</value>
         <object_component_ref idref="oc-2af"/>
      </symbol>
      <symbol id="sm-f01">
         <name>sys_untimeout</name>
         <value>0x15d1c</value>
         <object_component_ref idref="oc-2af"/>
      </symbol>
      <symbol id="sm-f02">
         <name>sys_check_timeouts</name>
         <value>0x15e18</value>
         <object_component_ref idref="oc-2af"/>
      </symbol>
      <symbol id="sm-f03">
         <name>sys_timeout</name>
         <value>0x15b78</value>
         <object_component_ref idref="oc-2af"/>
      </symbol>
      <symbol id="sm-f73">
         <name>udp_pcbs</name>
         <value>0x80141d0</value>
      </symbol>
      <symbol id="sm-f74">
         <name>udp_disconnect</name>
         <value>0xe4c4</value>
         <object_component_ref idref="oc-260"/>
      </symbol>
      <symbol id="sm-f75">
         <name>udp_sendto_if</name>
         <value>0xe02c</value>
         <object_component_ref idref="oc-260"/>
      </symbol>
      <symbol id="sm-f76">
         <name>udp_bind</name>
         <value>0xe264</value>
         <object_component_ref idref="oc-260"/>
      </symbol>
      <symbol id="sm-f77">
         <name>udp_sendto</name>
         <value>0xdfc0</value>
         <object_component_ref idref="oc-260"/>
      </symbol>
      <symbol id="sm-f78">
         <name>udp_input</name>
         <value>0xda90</value>
         <object_component_ref idref="oc-260"/>
      </symbol>
      <symbol id="sm-f79">
         <name>udp_new</name>
         <value>0xe5d4</value>
         <object_component_ref idref="oc-260"/>
      </symbol>
      <symbol id="sm-f7a">
         <name>udp_recv</name>
         <value>0xe4fc</value>
         <object_component_ref idref="oc-260"/>
      </symbol>
      <symbol id="sm-f7b">
         <name>udp_init</name>
         <value>0xd9dc</value>
         <object_component_ref idref="oc-260"/>
      </symbol>
      <symbol id="sm-f7c">
         <name>udp_send</name>
         <value>0xdf94</value>
         <object_component_ref idref="oc-260"/>
      </symbol>
      <symbol id="sm-f7d">
         <name>udp_remove</name>
         <value>0xe52c</value>
         <object_component_ref idref="oc-260"/>
      </symbol>
      <symbol id="sm-f7e">
         <name>udp_connect</name>
         <value>0xe3c4</value>
         <object_component_ref idref="oc-260"/>
      </symbol>
      <symbol id="sm-faa">
         <name>icmp_dest_unreach</name>
         <value>0x162b8</value>
         <object_component_ref idref="oc-32f"/>
      </symbol>
      <symbol id="sm-fab">
         <name>icmp_input</name>
         <value>0x15f58</value>
         <object_component_ref idref="oc-32f"/>
      </symbol>
      <symbol id="sm-fda">
         <name>inet_chksum_pseudo_partial</name>
         <value>0x14b84</value>
         <object_component_ref idref="oc-31d"/>
      </symbol>
      <symbol id="sm-fdb">
         <name>inet_chksum</name>
         <value>0x14d70</value>
         <object_component_ref idref="oc-31d"/>
      </symbol>
      <symbol id="sm-fdc">
         <name>inet_chksum_pbuf</name>
         <value>0x14d94</value>
         <object_component_ref idref="oc-31d"/>
      </symbol>
      <symbol id="sm-fdd">
         <name>inet_chksum_pseudo</name>
         <value>0x149cc</value>
         <object_component_ref idref="oc-31d"/>
      </symbol>
      <symbol id="sm-1033">
         <name>current_netif</name>
         <value>0x8014198</value>
      </symbol>
      <symbol id="sm-1034">
         <name>current_header</name>
         <value>0x801418c</value>
      </symbol>
      <symbol id="sm-1035">
         <name>current_iphdr_src</name>
         <value>0x8014194</value>
      </symbol>
      <symbol id="sm-1036">
         <name>current_iphdr_dest</name>
         <value>0x8014190</value>
      </symbol>
      <symbol id="sm-1037">
         <name>ip_output_if</name>
         <value>0x11bb4</value>
         <object_component_ref idref="oc-175"/>
      </symbol>
      <symbol id="sm-1038">
         <name>ip_input</name>
         <value>0x11730</value>
         <object_component_ref idref="oc-175"/>
      </symbol>
      <symbol id="sm-1039">
         <name>ip_output</name>
         <value>0x11e30</value>
         <object_component_ref idref="oc-175"/>
      </symbol>
      <symbol id="sm-103a">
         <name>ip_route</name>
         <value>0x1163c</value>
         <object_component_ref idref="oc-175"/>
      </symbol>
      <symbol id="sm-108c">
         <name>ipaddr_addr</name>
         <value>0x13da0</value>
         <object_component_ref idref="oc-216"/>
      </symbol>
      <symbol id="sm-108d">
         <name>ipaddr_ntoa</name>
         <value>0x140f8</value>
         <object_component_ref idref="oc-216"/>
      </symbol>
      <symbol id="sm-108e">
         <name>ip4_addr_isbroadcast</name>
         <value>0x13c3c</value>
         <object_component_ref idref="oc-216"/>
      </symbol>
      <symbol id="sm-108f">
         <name>ip_addr_any</name>
         <value>0x19a48</value>
         <object_component_ref idref="oc-280"/>
      </symbol>
      <symbol id="sm-1090">
         <name>ip_addr_broadcast</name>
         <value>0x19a4c</value>
         <object_component_ref idref="oc-311"/>
      </symbol>
      <symbol id="sm-1091">
         <name>ipaddr_ntoa_r</name>
         <value>0x14114</value>
         <object_component_ref idref="oc-216"/>
      </symbol>
      <symbol id="sm-1092">
         <name>ipaddr_aton</name>
         <value>0x13dcc</value>
         <object_component_ref idref="oc-216"/>
      </symbol>
      <symbol id="sm-1093">
         <name>ip4_addr_netmask_valid</name>
         <value>0x13d0c</value>
         <object_component_ref idref="oc-216"/>
      </symbol>
      <symbol id="sm-1149">
         <name>etharp_output</name>
         <value>0xae78</value>
         <object_component_ref idref="oc-2bc"/>
      </symbol>
      <symbol id="sm-114a">
         <name>etharp_request</name>
         <value>0xb550</value>
         <object_component_ref idref="oc-2bc"/>
      </symbol>
      <symbol id="sm-114b">
         <name>ethernet_input</name>
         <value>0xb5ac</value>
         <object_component_ref idref="oc-2bc"/>
      </symbol>
      <symbol id="sm-114c">
         <name>etharp_cleanup_netif</name>
         <value>0xaa08</value>
         <object_component_ref idref="oc-2bc"/>
      </symbol>
      <symbol id="sm-114d">
         <name>etharp_query</name>
         <value>0xb0f0</value>
         <object_component_ref idref="oc-2bc"/>
      </symbol>
      <symbol id="sm-114e">
         <name>ethzero</name>
         <value>0x19a32</value>
         <object_component_ref idref="oc-45f"/>
      </symbol>
      <symbol id="sm-114f">
         <name>ethbroadcast</name>
         <value>0x19a2c</value>
         <object_component_ref idref="oc-459"/>
      </symbol>
      <symbol id="sm-1150">
         <name>etharp_find_addr</name>
         <value>0xaa8c</value>
         <object_component_ref idref="oc-2bc"/>
      </symbol>
      <symbol id="sm-1151">
         <name>etharp_tmr</name>
         <value>0xa424</value>
         <object_component_ref idref="oc-2bc"/>
      </symbol>
      <symbol id="sm-1187">
         <name>floorl</name>
         <value>0x18a9d</value>
         <object_component_ref idref="oc-385"/>
      </symbol>
      <symbol id="sm-1188">
         <name>floor</name>
         <value>0x18a9d</value>
         <object_component_ref idref="oc-385"/>
      </symbol>
      <symbol id="sm-11c1">
         <name>snprintf</name>
         <value>0x193c1</value>
         <object_component_ref idref="oc-24e"/>
      </symbol>
      <symbol id="sm-11dc">
         <name>memcpy</name>
         <value>0x18e71</value>
         <object_component_ref idref="oc-56"/>
      </symbol>
      <symbol id="sm-11dd">
         <name>__aeabi_memcpy</name>
         <value>0x18e71</value>
         <object_component_ref idref="oc-56"/>
      </symbol>
      <symbol id="sm-11de">
         <name>__aeabi_memcpy8</name>
         <value>0x18e71</value>
         <object_component_ref idref="oc-56"/>
      </symbol>
      <symbol id="sm-11df">
         <name>__aeabi_memcpy4</name>
         <value>0x18e71</value>
         <object_component_ref idref="oc-56"/>
      </symbol>
      <symbol id="sm-11eb">
         <name>__aeabi_idivmod</name>
         <value>0x1927c</value>
         <object_component_ref idref="oc-303"/>
      </symbol>
      <symbol id="sm-11ec">
         <name>__aeabi_idiv</name>
         <value>0x1927c</value>
         <object_component_ref idref="oc-303"/>
      </symbol>
      <symbol id="sm-11f8">
         <name>__aeabi_uidivmod</name>
         <value>0x19370</value>
         <object_component_ref idref="oc-308"/>
      </symbol>
      <symbol id="sm-11f9">
         <name>__aeabi_uidiv</name>
         <value>0x19370</value>
         <object_component_ref idref="oc-308"/>
      </symbol>
      <symbol id="sm-1208">
         <name>__aeabi_memset</name>
         <value>0x1901d</value>
         <object_component_ref idref="oc-e9"/>
      </symbol>
      <symbol id="sm-1209">
         <name>memset</name>
         <value>0x19023</value>
         <object_component_ref idref="oc-e9"/>
      </symbol>
      <symbol id="sm-120a">
         <name>__aeabi_memset8</name>
         <value>0x1901d</value>
         <object_component_ref idref="oc-e9"/>
      </symbol>
      <symbol id="sm-120b">
         <name>__aeabi_memset4</name>
         <value>0x1901d</value>
         <object_component_ref idref="oc-e9"/>
      </symbol>
      <symbol id="sm-120c">
         <name>__aeabi_memclr8</name>
         <value>0x1901b</value>
         <object_component_ref idref="oc-e9"/>
      </symbol>
      <symbol id="sm-120d">
         <name>__aeabi_memclr4</name>
         <value>0x1901b</value>
         <object_component_ref idref="oc-e9"/>
      </symbol>
      <symbol id="sm-120e">
         <name>__aeabi_memclr</name>
         <value>0x1901b</value>
         <object_component_ref idref="oc-e9"/>
      </symbol>
      <symbol id="sm-1236">
         <name>__TI_auto_init_nobinit_nopinit</name>
         <value>0x19459</value>
         <object_component_ref idref="oc-10e"/>
      </symbol>
      <symbol id="sm-1249">
         <name>__TI_zero_init</name>
         <value>0x19617</value>
         <object_component_ref idref="oc-68"/>
      </symbol>
      <symbol id="sm-1260">
         <name>__TI_decompress_none</name>
         <value>0x19609</value>
         <object_component_ref idref="oc-12"/>
      </symbol>
      <symbol id="sm-1283">
         <name>__TI_decompress_lzss</name>
         <value>0x19109</value>
         <object_component_ref idref="oc-c"/>
      </symbol>
      <symbol id="sm-128e">
         <name>C$$EXIT</name>
         <value>0x19631</value>
         <object_component_ref idref="oc-14e"/>
      </symbol>
      <symbol id="sm-128f">
         <name>abort</name>
         <value>0x19631</value>
         <object_component_ref idref="oc-14e"/>
      </symbol>
      <symbol id="sm-12a0">
         <name>memcmp</name>
         <value>0x1950d</value>
         <object_component_ref idref="oc-26c"/>
      </symbol>
      <symbol id="sm-12ae">
         <name>strlen</name>
         <value>0x195e1</value>
         <object_component_ref idref="oc-254"/>
      </symbol>
      <symbol id="sm-1405">
         <name>__TI_printfi</name>
         <value>0xe645</value>
         <object_component_ref idref="oc-3ad"/>
      </symbol>
      <symbol id="sm-140f">
         <name>__aeabi_idiv0</name>
         <value>0xf08f</value>
         <object_component_ref idref="oc-48f"/>
      </symbol>
      <symbol id="sm-1410">
         <name>__aeabi_ldiv0</name>
         <value>0xf08f</value>
         <object_component_ref idref="oc-48f"/>
      </symbol>
      <symbol id="sm-142c">
         <name>__aeabi_uldivmod</name>
         <value>0x17c1c</value>
         <object_component_ref idref="oc-5af"/>
      </symbol>
      <symbol id="sm-1441">
         <name>atoi</name>
         <value>0x19321</value>
         <object_component_ref idref="oc-4f3"/>
      </symbol>
      <symbol id="sm-144c">
         <name>_ctypes_</name>
         <value>0x19840</value>
         <object_component_ref idref="oc-5aa"/>
      </symbol>
      <symbol id="sm-145b">
         <name>ltoa</name>
         <value>0x19229</value>
         <object_component_ref idref="oc-5b5"/>
      </symbol>
      <symbol id="sm-146b">
         <name>memccpy</name>
         <value>0x19597</value>
         <object_component_ref idref="oc-517"/>
      </symbol>
      <symbol id="sm-147b">
         <name>strchr</name>
         <value>0x195cb</value>
         <object_component_ref idref="oc-5e2"/>
      </symbol>
      <symbol id="sm-1491">
         <name>__aeabi_errno_addr</name>
         <value>0x19625</value>
         <object_component_ref idref="oc-523"/>
      </symbol>
      <symbol id="sm-1492">
         <name>errno</name>
         <value>0x8014330</value>
         <object_component_ref idref="oc-5f2"/>
      </symbol>
      <symbol id="sm-14ab">
         <name>wcslen</name>
         <value>0x195f7</value>
         <object_component_ref idref="oc-51d"/>
      </symbol>
      <symbol id="sm-14c9">
         <name>frexpl</name>
         <value>0x19095</value>
         <object_component_ref idref="oc-5d6"/>
      </symbol>
      <symbol id="sm-14ca">
         <name>frexp</name>
         <value>0x19095</value>
         <object_component_ref idref="oc-5d6"/>
      </symbol>
      <symbol id="sm-14e7">
         <name>scalbn</name>
         <value>0x189ad</value>
         <object_component_ref idref="oc-5dc"/>
      </symbol>
      <symbol id="sm-14e8">
         <name>scalbnl</name>
         <value>0x189ad</value>
         <object_component_ref idref="oc-5dc"/>
      </symbol>
      <symbol id="sm-14e9">
         <name>ldexpl</name>
         <value>0x189ad</value>
         <object_component_ref idref="oc-5dc"/>
      </symbol>
      <symbol id="sm-14ea">
         <name>ldexp</name>
         <value>0x189ad</value>
         <object_component_ref idref="oc-5dc"/>
      </symbol>
      <symbol id="sm-14f4">
         <name>copysign</name>
         <value>0x19579</value>
         <object_component_ref idref="oc-61b"/>
      </symbol>
      <symbol id="sm-14f5">
         <name>copysignl</name>
         <value>0x19579</value>
         <object_component_ref idref="oc-61b"/>
      </symbol>
      <symbol id="sm-14f6">
         <name>__TI_static_base__</name>
         <value>0x0</value>
      </symbol>
      <symbol id="sm-14f9">
         <name>SHT$$INIT_ARRAY$$Base</name>
         <value>0x0</value>
      </symbol>
      <symbol id="sm-14fa">
         <name>SHT$$INIT_ARRAY$$Limit</name>
         <value>0x0</value>
      </symbol>
      <symbol id="sm-14fb">
         <name>_system_post_cinit</name>
         <value>0x0</value>
      </symbol>
   </symbol_table>
   <title>Link successful</title>
</link_info>
